(---------------------------------------------------------------------)
(                                                                     )
(    Allegro Netrev Import Logic                                      )
(                                                                     )
(    Drawing          : emoji-car-pcb.brd                             )
(    Software Version : 17.4S039                                      )
(    Date/Time        : Sat Apr 25 21:23:19 2026                      )
(                                                                     )
(---------------------------------------------------------------------)


------ Directives ------------

Ripup etch:                  No
Ripup delete first segment:  No
Ripup retain bondwire:       No
Ripup symbols:               Always
Missing symbol has error:    No
DRC update:                  Yes
Schematic directory:         'C:/Github/esp32s3-emoji-car/01.hardware/netlist'
Design Directory:            'C:/Github/esp32s3-emoji-car/01.hardware/allegro'
Old design name:             'C:/Github/esp32s3-emoji-car/01.hardware/allegro/emoji-car-pcb.brd'
New design name:             'C:/Github/esp32s3-emoji-car/01.hardware/allegro/emoji-car-pcb.brd'

CmdLine: netrev -$ -i C:/Github/esp32s3-emoji-car/01.hardware/netlist -y 1 -h -q netrev_constraint_report.xml C:/Github/esp32s3-emoji-car/01.hardware/allegro/#Taaabcw21832.tmp

------ Preparing to read pst files ------

Starting to read C:/Github/esp32s3-emoji-car/01.hardware/netlist/pstchip.dat 
   Finished reading C:/Github/esp32s3-emoji-car/01.hardware/netlist/pstchip.dat (00:00:00.00)
Starting to read C:/Github/esp32s3-emoji-car/01.hardware/netlist/pstxprt.dat 
   Finished reading C:/Github/esp32s3-emoji-car/01.hardware/netlist/pstxprt.dat (00:00:00.00)
Starting to read C:/Github/esp32s3-emoji-car/01.hardware/netlist/pstxnet.dat 
   Finished reading C:/Github/esp32s3-emoji-car/01.hardware/netlist/pstxnet.dat (00:00:00.00)

------ Oversights/Warnings/Errors ------


------ Library Paths ------
MODULEPATH =  . 
           C:/Cadence/SPB_17.4/share/local/pcb/modules 

PSMPATH =  C:/Github/cadence-libs/PKG/SOT 
           C:/Github/cadence-libs/PKG/QFN 
           C:/Github/cadence-libs/PKG/OTHER 
           C:/Github/cadence-libs/PKG/SOIC 
           C:/Github/cadence-libs/PKG/RC 
           C:/Github/cadence-libs/PKG/OSC 
           C:/Github/cadence-libs/PKG/SOD 
           C:/Github/cadence-libs/PKG/IND 
           C:/Github/cadence-libs/PKG/BGA 
           C:/Github/cadence-libs/PKG/SMD 
           C:/Github/cadence-libs/PKG/LGA 
           C:/Github/cadence-libs/PKG/SOP 

PADPATH =  C:/Github/cadence-libs/PKG/SOT 
           C:/Github/cadence-libs/PKG/OSC 
           C:/Github/cadence-libs/PKG/OTHER 
           C:/Github/cadence-libs/PKG/SOIC 
           C:/Github/cadence-libs/PKG/RC 
           C:/Github/cadence-libs/PKG/QFN 
           C:/Github/cadence-libs/PKG/SOD 
           C:/Github/cadence-libs/PKG/IND 
           C:/Github/cadence-libs/PKG/BGA 
           C:/Github/cadence-libs/PKG/SMD 
           C:/Github/cadence-libs/PKG/LGA 
           C:/Github/cadence-libs/PKG/SOP 
           C:/Github/cadence-libs/PKG/VIA 


------ Summary Statistics ------


netrev run on Apr 25 21:23:19 2026
   DESIGN NAME : 'EMOJI-CAR-HARDWARE'
   PACKAGING ON Nov  3 2023 23:54:18

   COMPILE 'logic'
   CHECK_PIN_NAMES OFF
   CROSS_REFERENCE OFF
   FEEDBACK OFF
   INCREMENTAL OFF
   INTERFACE_TYPE PHYSICAL
   MAX_ERRORS 500
   MERGE_MINIMUM 5
   NET_NAME_CHARS '#%&()*+-./:=>?@[]^_`|'
   NET_NAME_LENGTH 24
   OVERSIGHTS ON
   REPLACE_CHECK OFF
   SINGLE_NODE_NETS ON
   SPLIT_MINIMUM 0
   SUPPRESS   20
   WARNINGS ON

 No error detected
 No oversight detected
 No warning detected

cpu time      0:00:14
elapsed time  0:00:00

