(---------------------------------------------------------------------)
(                                                                     )
(    QUICKPLACE LOG                                                   )
(                                                                     )
(    Drawing          : emoji-car-pcb.brd                             )
(    Software Version : 17.4S039                                      )
(    Date/Time        : Sun Apr 19 22:53:42 2026                      )
(                                                                     )
(---------------------------------------------------------------------)


State: Placing on layer TOP



Placed 0 of 0 applicable (17 total) symbols.

-----------------------------------------------------------------------

State: Placing on layer TOP

         Placed symbol:  U1 / ESP32-S3R8_QFN40P700X700X90-57N_ESP32-S3R8 / QFN40P700X700X90-57N at (251.4600 251.4600)
         Placed symbol:  U2 / W25Q128JVPIQ_W25Q128JVPIQ_W25Q128JVPIQ / W25Q128JVPIQ at (259.5672 249.9700)
         Placed symbol:  Y1 / S2240000101050JY_KC2520K120000C10E00_C5S-8000-18-3030-X-R / KC2520K120000C10E00 at (265.6862 249.5600)
         Placed symbol:  C10 / C0402_C0402_100NF / C0402 at (269.3394 247.8600)
         Placed symbol:  C11 / C0402_C0402_100NF / C0402 at (271.5426 247.8600)
         Placed symbol:  C8 / C0402_C0402_100NF / C0402 at (273.7458 247.8600)
         Placed symbol:  C9 / C0402_C0402_100NF / C0402 at (275.9490 247.8600)
         Placed symbol:  C12 / C0402_C0402_C0402 / C0402 at (248.3600 256.2632)
         Placed symbol:  L3 / SDCL1005C24NJTDF_INDC1005X55N_SDCL1005C24NJTDF / INDC1005X55N at (250.5132 256.3132)
         Placed symbol:  C14 / C0402_C0402_10PF / C0402 at (252.6664 256.2632)
         Placed symbol:  C15 / C0402_C0402_10PF / C0402 at (254.8696 256.2632)
         Placed symbol:  E1 / ANT-245-CHP-T_XCVR_ANT-245-CHP-T_ANT-245-CHP-T / XCVR_ANT-245-CHP-T at (260.1328 257.2832)
         Placed symbol:  R1 / R0402_R0402_10K / R0402 at (265.3960 256.2632)
         Placed symbol:  R2 / R0402_R0402_10K / R0402 at (267.5992 256.2632)
         Placed symbol:  L2 / LQG15HS2N0S02D_INDC1005X55N_LQG15HS2N0S02D / INDC1005X55N at (269.7524 256.3132)
         Placed symbol:  C13 / C0402_C0402_C0402 / C0402 at (271.9056 256.2632)
         Placed symbol:  L1 / MLG1005S2N0BT000_INDC1005X55N_MLG1005S2N0BT000 / INDC1005X55N at (274.0588 256.3132)


Placed 17 of 17 applicable (17 total) symbols.

-----------------------------------------------------------------------

